[2026-08-24 07:06:00] [test_check] Verification test | Source: unknown:0 | IP: 127.0.0.1
[2026-09-02 07:02:33] [console_error] Auth: Failed to fetch
TypeError: Failed to fetch
    at _request (https://sheet.hyb.io.vn/assets/js/core/ApiService.js?v=1781016282:10:23)
    at Object.me (https://sheet.hyb.io.vn/assets/js/core/ApiService.js?v=1781016282:77:27)
    at checkSession (https://sheet.hyb.io.vn/assets/js/auth.js?v=1780754972:13:49)
    at Object.init (https://sheet.hyb.io.vn/assets/js/auth.js?v=1780754972:185:5)
    at HTMLDocument.init (https://sheet.hyb.io.vn/assets/js/app.js?v=1785995078:27:39) | Source: console_intercept:0 | IP: 2405:4803:c7e9:a2a0:a842:5ae8:e5ed:50bf
[2026-09-02 07:02:33] [console_error] [Library] Lỗi tải danh sách: Failed to fetch
TypeError: Failed to fetch
    at _request (https://sheet.hyb.io.vn/assets/js/core/ApiService.js?v=1781016282:10:23)
    at Object.list (https://sheet.hyb.io.vn/assets/js/core/ApiService.js?v=1781016282:24:30)
    at loadSongs (https://sheet.hyb.io.vn/assets/js/library-ui.js?v=1785994920:126:38)
    at Object.init (https://sheet.hyb.io.vn/assets/js/library-ui.js?v=1785994920:26:5)
    at HTMLDocument.init (https://sheet.hyb.io.vn/assets/js/app.js?v=1785995078:28:15) | Source: console_intercept:0 | IP: 2405:4803:c7e9:a2a0:a842:5ae8:e5ed:50bf
[2026-09-02 07:02:33] [console_error] Failed to load songs for SetlistUI Failed to fetch
TypeError: Failed to fetch
    at _request (https://sheet.hyb.io.vn/assets/js/core/ApiService.js?v=1781016282:10:23)
    at Object.list (https://sheet.hyb.io.vn/assets/js/core/ApiService.js?v=1781016282:24:30)
    at ensureSongsLoaded (https://sheet.hyb.io.vn/assets/js/setlist-ui.js?v=1785996367:318:47)
    at Object.init (https://sheet.hyb.io.vn/assets/js/setlist-ui.js?v=1785996367:326:5)
    at HTMLDocument.init (https://sheet.hyb.io.vn/assets/js/app.js?v=1785995078:29:44) | Source: console_intercept:0 | IP: 2405:4803:c7e9:a2a0:a842:5ae8:e5ed:50bf
[2026-09-06 00:17:07] [error] ReferenceError: Can't find variable: zaloJSV2 | Source: https://sheet.hyb.io.vn/?song=thanh-ca-795&set=default:1 | IP: 2405:4802:9191:f130:11e0:4a78:46f:b5d9
[2026-09-06 00:21:54] [error] ReferenceError: Can't find variable: zaloJSV2 | Source: https://sheet.hyb.io.vn/?song=thanh-ca-795&set=default:1 | IP: 2405:4802:9191:f130:11e0:4a78:46f:b5d9
[2026-09-06 00:22:07] [error] ReferenceError: Can't find variable: zaloJSV2 | Source: https://sheet.hyb.io.vn/?song=thanh-ca-795&set=default:1 | IP: 2405:4802:9191:f130:11e0:4a78:46f:b5d9
[2026-09-25 06:00:38] [error] Uncaught SyntaxError: Unexpected token ')' | Source: http://localhost/sheetapp2/assets/js/setlist-ui.js?v=1790308654:980 | IP: ::1
[2026-09-25 10:45:24] [error] Uncaught SyntaxError: Unexpected token ')' | Source: http://localhost/sheetapp2/assets/js/learn/ui/learn-score.js?v=1790304441:210 | IP: ::1
[2026-09-25 16:29:27] [error] Uncaught SyntaxError: Unexpected token ')' | Source: http://localhost/sheetapp2/assets/js/learn/ui/learn-score.js?v=1790304441:210 | IP: ::1
[2026-09-25 16:29:44] [error] SyntaxError: Unexpected token ')' | Source: http://localhost/sheetapp2/assets/js/learn/ui/learn-score.js?v=1790304441:210 | IP: ::1
[2026-09-26 01:30:48] [error] Uncaught SyntaxError: Identifier 'myId' has already been declared | Source: http://localhost/sheetapp2/assets/js/setlist-ui.js?v=1790379017:206 | IP: ::1
[2026-09-26 01:31:00] [error] Uncaught SyntaxError: Identifier 'myId' has already been declared | Source: http://localhost/sheetapp2/assets/js/setlist-ui.js?v=1790379017:206 | IP: ::1
