========================================================
   SheetApp2 — Unified Test Runner & Quality Gate CI
   Chế độ:
========================================================

[1/4] Kiểm tra cú pháp PHP (php -l)... PASS (319 files)
[1b/4] Kiểm tra cú pháp JavaScript (check:syntax)... PASS (Tất cả file JS cú pháp hợp lệ)
[2/4] Kiểm tra Test DB Fixture (SQLite in-memory)... PASS (Integrity ok, FKs ok, Seed ok)
[3/4] Quét và chạy toàn bộ Regression Test Suites:
  → Tìm thấy 164 bộ test regression suites.

  [1/164] ✅ PASS: tests/api_contract_regression.php (7 checks pass)
  [2/164] ✅ PASS: tests/api_http_exception_preservation_regression.php (15 checks pass)
  [3/164] ✅ PASS: tests/app_shell_navigation_regression.php (19 checks pass)
  [4/164] ✅ PASS: tests/backup_restore_drill_regression.php (24 checks pass)
  [5/164] ✅ PASS: tests/chord_edit_permission_and_flow_regression.php (10 checks pass)
  [6/164] ✅ PASS: tests/chord_save_capo_transpose_regression.php (6 checks pass)
  [7/164] ✅ PASS: tests/chord_set_guard_regression.php (6 checks pass)
  [8/164] ✅ PASS: tests/chord_sets_consolidation_regression.php (32 checks pass)
  [9/164] ✅ PASS: tests/chordpro_core_rule_1_regression.php (10 checks pass)
  [10/164] ✅ PASS: tests/chordpro_export_regression.php (26 checks pass)
  [11/164] ✅ PASS: tests/core_rules_regression.php (9 checks pass)
  [12/164] ✅ PASS: tests/domain_events_and_notifications_regression.php (21 checks pass)
  [13/164] ✅ PASS: tests/feature_flags_regression.php (20 checks pass)
  [14/164] ✅ PASS: tests/fetch_anti_regression.php (19 checks pass)
  [15/164] ✅ PASS: tests/fts5_taxonomy_search_regression.php (27 checks pass)
  [16/164] ✅ PASS: tests/hd_history_and_permission_regression.php (14 checks pass)
  [17/164] ✅ PASS: tests/http/js_tooling_regression.php (24 checks pass)
  [18/164] ✅ PASS: tests/http/live_sync_atomic_state_regression.php (7 checks pass)
  [19/164] ✅ PASS: tests/http/live_sync_last_event_id_regression.php (5 checks pass)
  [20/164] ✅ PASS: tests/http/live_sync_route_http_regression.php (7 checks pass)
  [21/164] ✅ PASS: tests/http/live_sync_session_lock_http_regression.php (6 checks pass)
  [22/164] ✅ PASS: tests/http/song_search_contract_http_regression.php (16 checks pass)
  [23/164] ✅ PASS: tests/http/test_suite_hygiene_regression.php (10 checks pass)
  [24/164] ✅ PASS: tests/http/weak_password_http_regression.php (14 checks pass)
  [25/164] ✅ PASS: tests/http/web_surface_http_regression.php (18 checks pass)
  [26/164] ✅ PASS: tests/learn_real_progress_regression.php (8 checks pass)
  [27/164] ✅ PASS: tests/library_l010_guest_toast_fab_regression.php (2 checks pass)
  [28/164] ✅ PASS: tests/library_l011_key_enharmonics_regression.php (16 checks pass)
  [29/164] ✅ PASS: tests/library_l011_key_service_regression.php (6 checks pass)
  [30/164] ✅ PASS: tests/library_l012_true_capo_regression.php (16 checks pass)
  [31/164] ✅ PASS: tests/library_l013_accented_vietnamese_sidebar_regression.php (31 checks pass)
  [32/164] ✅ PASS: tests/library_l014_links_base_and_leader_role_regression.php (17 checks pass)
  [33/164] ✅ PASS: tests/library_l015_tempo_unset_104_regression.php (8 checks pass)
  [34/164] ✅ PASS: tests/library_l016_dedup_handlers_and_escape_regression.php (12 checks pass)
  [35/164] ✅ PASS: tests/library_l02_chord_fallback_regression.php (10 checks pass)
  [36/164] ✅ PASS: tests/library_l03_chord_hide_by_class_regression.php (8 checks pass)
  [37/164] ✅ PASS: tests/library_l04_toolbar_overflow_regression.php (11 checks pass)
  [38/164] ✅ PASS: tests/library_l05_true_dark_mode_regression.php (6 checks pass)
  [39/164] ✅ PASS: tests/library_l06_controls_and_chips_regression.php (7 checks pass)
  [40/164] ✅ PASS: tests/library_l07_search_by_number_regression.php (8 checks pass)
  [41/164] ✅ PASS: tests/library_l08_safe_pedal_regression.php (5 checks pass)
  [42/164] ✅ PASS: tests/library_l09_no_welcome_modal_regression.php (4 checks pass)
  [43/164] ✅ PASS: tests/library_l0_window_exports_regression.php (11 checks pass)
  [44/164] ✅ PASS: tests/library_l110_metronome_minibar_regression.php (14 checks pass)
  [45/164] ✅ PASS: tests/library_l111_a11y_contrast_regression.php (10 checks pass)
  [46/164] ✅ PASS: tests/library_l11_chord_zoom_collision_regression.php (5 checks pass)
  [47/164] ✅ PASS: tests/library_l12_chord_presets_regression.php (6 checks pass)
  [48/164] ✅ PASS: tests/library_l13_toolbar_and_ipad_overlay_regression.php (6 checks pass)
  [49/164] ✅ PASS: tests/library_l14_touch_targets_44px_regression.php (18 checks pass)
  [50/164] ✅ PASS: tests/library_l15_gig_mode_regression.php (17 checks pass)
  [51/164] ✅ PASS: tests/library_l16_verse_selection_regression.php (18 checks pass)
  [52/164] ✅ PASS: tests/library_l17_band_mode_regression.php (14 checks pass)
  [53/164] ✅ PASS: tests/library_l18_mobile_view_regression.php (15 checks pass)
  [54/164] ✅ PASS: tests/library_l19_half_page_turn_regression.php (13 checks pass)
  [55/164] ✅ PASS: tests/library_l21_search_ranking_regression.php (10 checks pass)
  [56/164] ✅ PASS: tests/library_l22_compact_virtual_list_regression.php (10 checks pass)
  [57/164] ✅ PASS: tests/library_l23_consolidated_filters_regression.php (11 checks pass)
  [58/164] ✅ PASS: tests/library_l24_upcoming_setlist_and_quick_sections_regression.php (10 checks pass)
  [59/164] ✅ PASS: tests/library_l25_quick_numpad_regression.php (10 checks pass)
  [60/164] ✅ PASS: tests/library_l26_lyrics_search_by_verse_regression.php (16 checks pass)
  [61/164] ✅ PASS: tests/library_l27_compact_list_and_etag_regression.php (11 checks pass)
  [62/164] ✅ PASS: tests/library_l310_setlist_end_and_cleanup_regression.php (19 checks pass)
  [63/164] ✅ PASS: tests/library_l31_program_bar_regression.php (14 checks pass)
  [64/164] ✅ PASS: tests/library_l32_preloader_regression.php (14 checks pass)
  [65/164] ✅ PASS: tests/library_l33_setlist_item_customization_regression.php (15 checks pass)
  [66/164] ✅ PASS: tests/library_l34_non_song_card_and_duration_regression.php (15 checks pass)
  [67/164] ✅ PASS: tests/library_l35_follow_leader_regression.php (28 checks pass)
  [68/164] ✅ PASS: tests/library_l36_leader_cues_regression.php (28 checks pass)
  [69/164] ✅ PASS: tests/library_l37_song_sections_and_jump_regression.php (26 checks pass)
  [70/164] ✅ PASS: tests/library_l38_setlist_bpm_and_autoscroll_regression.php (23 checks pass)
  [71/164] ✅ PASS: tests/library_l39_offline_sunday_package_regression.php (15 checks pass)
  [72/164] ✅ PASS: tests/library_l41_stage_lens_roles_regression.php (19 checks pass)
  [73/164] ✅ PASS: tests/library_l42_guitar_lens_regression.php (21 checks pass)
  [74/164] ✅ PASS: tests/library_l43_keyboard_lens_regression.php (17 checks pass)
  [75/164] ✅ PASS: tests/library_l44_bass_lens_regression.php (19 checks pass)
  [76/164] ✅ PASS: tests/library_l45_drums_lens_regression.php (15 checks pass)
  [77/164] ✅ PASS: tests/library_l46_vocals_lens_regression.php (16 checks pass)
  [78/164] ✅ PASS: tests/library_l47_harmonic_numeral_regression.php (18 checks pass)
  [79/164] ✅ PASS: tests/library_l51_single_render_regression.php (29 checks pass)
  [80/164] ✅ PASS: tests/library_l52_instant_transpose_regression.php (28 checks pass)
  [81/164] ✅ PASS: tests/library_l53_xml_cache_and_geom_regression.php (56 checks pass)
  [82/164] ✅ PASS: tests/library_l54_coalesced_requests_regression.php (35 checks pass)
  [83/164] ✅ PASS: tests/library_l55_on_demand_and_no_hidden_render_regression.php (60 checks pass)
  [84/164] ✅ PASS: tests/library_l56_service_worker_precache_regression.php (73 checks pass)
  [85/164] ✅ PASS: tests/library_l57_centralized_store_regression.php (51 checks pass)
  [86/164] ✅ PASS: tests/library_l58_css_cleanup_regression.php (16 checks pass)
  [87/164] ✅ PASS: tests/library_l59_performance_budget_regression.php (11 checks pass)
  [88/164] ✅ PASS: tests/library_l61_lyrics_verse_and_chorus_extraction_regression.php (20 checks pass)
  [89/164] ✅ PASS: tests/library_l62_tempo_management_and_tap_regression.php (23 checks pass)
  [90/164] ✅ PASS: tests/library_l63_bulk_labels_regression.php (38 checks pass)
  [91/164] ✅ PASS: tests/library_l65_spelling_audit_regression.php (22 checks pass)
  [92/164] ✅ PASS: tests/library_l66_song_sections_top100_regression.php (17 checks pass)
  [93/164] ✅ PASS: tests/library_r11_lucide_icons_regression.php (10 checks pass)
  [94/164] ✅ PASS: tests/library_r12_laptop_toolbar_regression.php (7 checks pass)
  [95/164] ✅ PASS: tests/library_r13_clean_sheet_start_regression.php (6 checks pass)
  [96/164] ✅ PASS: tests/library_r14_section_jump_bar_regression.php (9 checks pass)
  [97/164] ✅ PASS: tests/library_r15_tools_menu_regression.php (17 checks pass)
  [98/164] ✅ PASS: tests/library_r16_clean_performance_mode_regression.php (14 checks pass)
  [99/164] ✅ PASS: tests/library_r17_sidebar_default_closed_regression.php (7 checks pass)
  [100/164] ✅ PASS: tests/library_r18_login_single_location_regression.php (16 checks pass)
  [101/164] ✅ PASS: tests/library_r19_design_tokens_and_a11y_regression.php (10 checks pass)
  [102/164] ✅ PASS: tests/library_r210_polyphonic_note_key_mapping_regression.php (18 checks pass)
  [103/164] ✅ PASS: tests/library_r21_note_cursor_and_navigation_regression.php (12 checks pass)
  [104/164] ✅ PASS: tests/library_r22_chord_palette_diatonic_regression.php (14 checks pass)
  [105/164] ✅ PASS: tests/library_r23_debounced_save_and_conflict_regression.php (12 checks pass)
  [106/164] ✅ PASS: tests/library_r24_copy_measures_regression.php (8 checks pass)
  [107/164] ✅ PASS: tests/library_r25_mobile_chord_palette_regression.php (17 checks pass)
  [108/164] ✅ PASS: tests/library_r26_band_mode_chord_edit_regression.php (19 checks pass)
  [109/164] ✅ PASS: tests/library_r27_pencil_and_dot_position_regression.php (11 checks pass)
  [110/164] ✅ PASS: tests/library_r28_active_set_display_and_dropdown_regression.php (16 checks pass)
  [111/164] ✅ PASS: tests/library_r29_propose_hd_review_regression.php (19 checks pass)
  [112/164] ✅ PASS: tests/library_r31_vocabulary_audit_regression.php (28 checks pass)
  [113/164] ✅ PASS: tests/library_r32_labels_and_fullscreen_regression.php (42 checks pass)
  [114/164] ✅ PASS: tests/library_r33_unified_taxonomy_regression.php (43 checks pass)
  [115/164] ✅ PASS: tests/library_r34_labels_migration_regression.php (93 checks pass)
  [116/164] ✅ PASS: tests/library_r35_section_standardization_regression.php (36 checks pass)
  [117/164] ✅ PASS: tests/library_r36_program_roles_regression.php (23 checks pass)
  [118/164] ✅ PASS: tests/library_r37_search_alias_matching_regression.php (25 checks pass)
  [119/164] ✅ PASS: tests/library_r38_test_data_cleanup_regression.php (20 checks pass)
  [120/164] ✅ PASS: tests/library_r41_instrument_view_menu_regression.php (22 checks pass)
  [121/164] ✅ PASS: tests/library_r42_lyric_chords_view_regression.php (20 checks pass)
  [122/164] ✅ PASS: tests/library_r43_mobile_sheet_layout_regression.php (24 checks pass)
  [123/164] ✅ PASS: tests/library_r44_device_default_view_regression.php (25 checks pass)
  [124/164] ✅ PASS: tests/library_r45_print_service_program_regression.php (24 checks pass)
  [125/164] ✅ PASS: tests/library_r5_acceptance_criteria_regression.php (27 checks pass)
  [126/164] ✅ PASS: tests/liturgical_export_and_usage_regression.php (41 checks pass)
  [127/164] ✅ PASS: tests/live_sync_v2_regression.php (35 checks pass)
  [128/164] ✅ PASS: tests/main_page_modes_regression.php (36 checks pass)
  [129/164] ✅ PASS: tests/members_manager_consolidation_regression.php (7 checks pass)
  [130/164] ✅ PASS: tests/migration_integrity_regression.php (5 checks pass)
  [131/164] ✅ PASS: tests/modal_a11y_regression.php (82 checks pass)
  [132/164] ✅ PASS: tests/modular_architecture_regression.php (106 checks pass)
  [133/164] ✅ PASS: tests/notification_delivery_f7_regression.php (23 checks pass)
  [134/164] ✅ PASS: tests/notification_preferences_regression.php (43 checks pass)
  [135/164] ✅ PASS: tests/offline_setlist_regression.php (46 checks pass)
  [136/164] ✅ PASS: tests/page_performance_regression.php (37 checks pass)
  [137/164] ✅ PASS: tests/practice_assignments_regression.php (33 checks pass)
  [138/164] ✅ PASS: tests/practice_notifications_and_idor_regression.php (8 checks pass)
  [139/164] ✅ PASS: tests/projector_service_plan_regression.php (31 checks pass)
  [140/164] ✅ PASS: tests/race_condition_regression.php (7 checks pass)
  [141/164] ✅ PASS: tests/review_integrity_f4_regression.php (9 checks pass)
  [142/164] ✅ PASS: tests/review_workflow_regression.php (45 checks pass)
  [143/164] ✅ PASS: tests/security/auth_matrix_regression.php (44 checks pass)
  [144/164] ✅ PASS: tests/security/auth_regression.php (7 checks pass)
  [145/164] ✅ PASS: tests/security/authorization_abort_regression.php (9 checks pass)
  [146/164] ✅ PASS: tests/security/error_disclosure_regression.php (5 checks pass)
  [147/164] ✅ PASS: tests/security/import_ssrf_regression.php (15 checks pass)
  [148/164] ✅ PASS: tests/security/learning_ownership_regression.php (12 checks pass)
  [149/164] ✅ PASS: tests/security/live_sync_regression.php (6 checks pass)
  [150/164] ✅ PASS: tests/security/managed_path_regression.php (4 checks pass)
  [151/164] ✅ PASS: tests/security/practice_ownership_regression.php (5 checks pass)
  [152/164] ✅ PASS: tests/security/request_origin_regression.php (6 checks pass)
  [153/164] ✅ PASS: tests/security/response_contract_regression.php (4 checks pass)
  [154/164] ✅ PASS: tests/security/session_ownership_regression.php (5 checks pass)
  [155/164] ✅ PASS: tests/security/session_rate_limit_regression.php (7 checks pass)
  [156/164] ✅ PASS: tests/security/setlist_ownership_regression.php (6 checks pass)
  [157/164] ✅ PASS: tests/security/web_surface_regression.php (41 checks pass)
  [158/164] ✅ PASS: tests/security/write_auth_regression.php (7 checks pass)
  [159/164] ✅ PASS: tests/security/xss_output_regression.php (57 checks pass)
  [160/164] ✅ PASS: tests/service_plan_regression.php (53 checks pass)
  [161/164] ✅ PASS: tests/service_worker_cache_regression.php (7 checks pass)
  [162/164] ✅ PASS: tests/setlist_cr4_regression.php (6 checks pass)
  [163/164] ✅ PASS: tests/shared_platform_regression.php (31 checks pass)
  [164/164] ✅ PASS: tests/ui_bugs_regression.php (7 checks pass)

[Kiểm tra rò rỉ file test vào storage/data/live_sync/]... PASS (Không có rò rỉ)

[Kiểm tra tính toàn vẹn CSDL thật (K2 DB Checksum & Row Counts)]... PASS (CSDL thật app.sqlite và chord_sets được bảo vệ toàn vẹn tuyệt đối)
  → Bảng số dòng CSDL thật (app.sqlite) trước và sau kiểm thử:
    • setlists: trước=3, sau=3 (giống nhau)
    • domain_events: trước=81, sau=81 (giống nhau)
    • notifications: trước=37, sau=37 (giống nhau)
    • song_usage_history: trước=7, sau=7 (giống nhau)
    • users.email (admin): trước=NULL, sau=NULL (giống nhau)
    • chord_sets: trước=62 files, sau=62 files (giống nhau)

--------------------------------------------------------
Tổng kết kiểm thử Unified Quality Gate CI:
  - Thời gian thực thi: 94.96s
  - File PHP đã lint: 319
  - Regression Suites đã chạy: 164 (Pass: 166, Skip: 0, Fail: 0)
  - Tổng số test checks ghi nhận: 3205 passed, 0 failed
  - Phân loại kiểm thử: 2543 Behavioral (79.3%), 662 Static
  - Trạng thái tổng thể: ✅ TẤT CẢ KIỂM TRA ĐỀU ĐẠT (PASS)
--------------------------------------------------------
