
Running 72 tests using 1 worker



node.exe : (node:35252) Warning: The 'NO_COLOR' env is ignored due to the 'FORCE_COLOR' env being set.
At line:1 char:1
+ & "C:\Program Files\nodejs/node.exe" "C:\Program Files\nodejs/node_mo ...
+ ~~~~~~~~~~~~~~~~~~~~~~~~~~~~~~~~~~~~~~~~~~~~~~~~~~~~~~~~~~~~~~~~~~~~~
    + CategoryInfo          : NotSpecified: ((node:35252) Wa... env being set.:String) [], RemoteException
    + FullyQualifiedErrorId : NativeCommandError

(Use `node --trace-warnings ...` to show where the warning was created)
[1/72] e2e\library-compact-score.spec.js:17:1 › Rút gọn gộp nốt dùng chung, giữ nốt riêng, lời và dấu luyến/nối
[2/72] e2e\library-compact-score.spec.js:60:1 › Rút gọn không tự đổi cao độ nốt mang lời hoặc nối khi có nốt chùm
[3/72] e2e\library-compact-score.spec.js:102:1 › Giữ khuông Fa nếu việc ẩn khuông làm lời chồng lên nhau
[4/72] e2e\library-compact-score.spec.js:145:1 › Nốt chung là đầu chùm: giữ nốt riêng cùng thời điểm làm đầu chùm mới
[5/72] e2e\library-compact-score.spec.js:189:1 › Dấu nối và luyến lấy từ bè chung giữ đúng thứ tự MusicXML
[6/72] e2e\library-l1-mobile-view.spec.js:25:3 › L1-8 · Tối ưu hiển thị điện thoại (Mobile View & Bottom Thumb Bar) › 1. Thanh đỉnh đầu 44px và thanh ngón cái 52px ở cạnh dưới trên iPhone (390x844)
[7/72] e2e\library-l1-mobile-view.spec.js:77:3 › L1-8 · Tối ưu hiển thị điện thoại (Mobile View & Bottom Thumb Bar) › 2. Tự vừa bề ngang (không tràn ngang) và không chữ nào đè nhau ở 390px
[8/72] e2e\library-l1-mobile-view.spec.js:105:3 › L1-8 · Tối ưu hiển thị điện thoại (Mobile View & Bottom Thumb Bar) › 3. Mặc định ẩn tên tác giả và chú thích trên điện thoại
[9/72] e2e\library-l1-mobile-view.spec.js:133:3 › L1-8 · Tối ưu hiển thị điện thoại (Mobile View & Bottom Thumb Bar) › 4. Bảo đảm >= 2 ô nhịp mỗi hàng nhạc trên điện thoại
[10/72] e2e\library-l1-mobile-view.spec.js:165:3 › L1-8 · Tối ưu hiển thị điện thoại (Mobile View & Bottom Thumb Bar) › 5. Thao tác điều khiển ngón cái: Dịch tông, Đổi bộ hợp âm, Đổi chế độ Band
[11/72] e2e\library-r1-5-tools-menu.spec.js:29:3 › R1-5 · Bảng Công Cụ Thống Nhất (Popover Laptop & Bottom Sheet Mobile) › Laptop 1366px: Popover 320px, đủ 5 nhóm chuẩn, nhãn chữ + icon SVG, đóng bằng Esc
[12/72] e2e\library-r1-5-tools-menu.spec.js:102:3 › R1-5 · Bảng Công Cụ Thống Nhất (Popover Laptop & Bottom Sheet Mobile) › Điện thoại 390px: Bottom sheet neo đáy, touch target ≥ 44px, không tràn ngang, đóng qua backdrop
[13/72] e2e\library-r6-interactions.spec.js:12:1 › Guest cannot see chord authoring actions in the real Tools menu
[14/72] e2e\library-r6-interactions.spec.js:20:3 › admin can reach chord editing from Tools menu
e2e\library-r6-interactions.spec.js:20:3 › admin can reach chord editing from Tools menu


[15/72] e2e\library-r6-interactions.spec.js:20:3 › hoaidinh can reach chord editing from Tools menu
e2e\library-r6-interactions.spec.js:20:3 › hoaidinh can reach chord editing from Tools menu


[16/72] e2e\library-r6-interactions.spec.js:35:1 › Ban Hát must choose their own set before editing while viewing HD
e2e\library-r6-interactions.spec.js:35:1 › Ban Hát must choose their own set before editing while viewing HD


[17/72] e2e\library-r6-interactions.spec.js:49:1 › Admin sees chord placement buttons on notes after enabling Soạn
e2e\library-r6-interactions.spec.js:49:1 › Admin sees chord placement buttons on notes after enabling Soạn


[18/72] e2e\library-r6-interactions.spec.js:69:1 › Admin can open a purple chord target from mobile Tools
e2e\library-r6-interactions.spec.js:69:1 › Admin can open a purple chord target from mobile Tools


[19/72] e2e\library-r6-interactions.spec.js:88:1 › Chord targets retain their score positions after scrolling and rebuilding

e2e\library-r6-interactions.spec.js:88:1 › Chord targets retain their score positions after scrolling and rebuilding

[20/72] e2e\library-r6-interactions.spec.js:110:3 › Chord targets stay beside their notes for thanh-ca-001 at 360px
e2e\library-r6-interactions.spec.js:110:3 › Chord targets stay beside their notes for thanh-ca-001 at 360px


[21/72] e2e\library-r6-interactions.spec.js:110:3 › Chord targets stay beside their notes for thanh-ca-001 at 390px
e2e\library-r6-interactions.spec.js:110:3 › Chord targets stay beside their notes for thanh-ca-001 at 390px


[22/72] e2e\library-r6-interactions.spec.js:110:3 › Chord targets stay beside their notes for thanh-ca-001 at 820px
e2e\library-r6-interactions.spec.js:110:3 › Chord targets stay beside their notes for thanh-ca-001 at 820px


[23/72] e2e\library-r6-interactions.spec.js:110:3 › Chord targets stay beside their notes for thanh-ca-001 at 1366px
e2e\library-r6-interactions.spec.js:110:3 › Chord targets stay beside their notes for thanh-ca-001 at 1366px


[24/72] e2e\library-r6-interactions.spec.js:110:3 › Chord targets stay beside their notes for thanh-ca-002 at 390px


e2e\library-r6-interactions.spec.js:110:3 › Chord targets stay beside their notes for thanh-ca-002 at 390px
[25/72] e2e\library-r6-interactions.spec.js:110:3 › Chord targets stay beside their notes for thanh-ca-123 at 820px
e2e\library-r6-interactions.spec.js:110:3 › Chord targets stay beside their notes for thanh-ca-123 at 820px


[26/72] e2e\library-r6-interactions.spec.js:131:1 › HD new-set action never overwrites an existing HD set with empty chords
e2e\library-r6-interactions.spec.js:131:1 › HD new-set action never overwrites an existing HD set with empty chords


[27/72] e2e\library-r6-interactions.spec.js:146:1 › Browser fullscreen exit restores view mode and toolbar
[28/72] e2e\library-r6-interactions.spec.js:156:1 › Rejected fullscreen request restores view mode
[29/72] e2e\library-r6-interactions.spec.js:166:1 › Missing fullscreen API leaves the app in view mode
[30/72] e2e\library-r6-interactions.spec.js:175:1 › Escape exits fullscreen and restores the toolbar
[31/72] e2e\library-r6-interactions.spec.js:183:1 › Fullscreen control keeps a vector icon on both transitions
[32/72] e2e\library-r6-interactions.spec.js:191:1 › Section jump controls follow the fullscreen HUD visibility
[33/72] e2e\library-r6-interactions.spec.js:207:1 › Toast deduplicates messages and errors can be dismissed
[34/72] e2e\library-r6-interactions.spec.js:227:3 › Error toast leaves the first score system clear at 1366px
[35/72] e2e\library-r6-interactions.spec.js:227:3 › Error toast leaves the first score system clear at 820px
[36/72] e2e\library-r6-interactions.spec.js:227:3 › Error toast leaves the first score system clear at 390px
[37/72] e2e\library-r6-interactions.spec.js:244:3 › hoaidinh saves a chord and sees it after reload
e2e\library-r6-interactions.spec.js:244:3 › hoaidinh saves a chord and sees it after reload


[38/72] e2e\library-r6-interactions.spec.js:244:3 › admin saves a chord and sees it after reload
e2e\library-r6-interactions.spec.js:244:3 › admin saves a chord and sees it after reload


[39/72] e2e\library-r6-interactions.spec.js:271:3 › Chord save 403 never reports success
e2e\library-r6-interactions.spec.js:271:3 › Chord save 403 never reports success


[40/72] e2e\library-r6-interactions.spec.js:271:3 › Chord save 409 never reports success
e2e\library-r6-interactions.spec.js:271:3 › Chord save 409 never reports success


[41/72] e2e\library-r6-interactions.spec.js:296:3 › Toolbar fits 360px without horizontal overflow
[42/72] e2e\library-r6-interactions.spec.js:296:3 › Toolbar fits 390px without horizontal overflow
[43/72] e2e\library-r6-interactions.spec.js:296:3 › Toolbar fits 820px without horizontal overflow
[44/72] e2e\library-r6-interactions.spec.js:296:3 › Toolbar fits 1366px without horizontal overflow
[45/72] e2e\library-r6-interactions.spec.js:296:3 › Toolbar fits 1440px without horizontal overflow
[46/72] e2e\library-r6-interactions.spec.js:316:1 › Mobile Tools menu scrolls and closes with Escape
[47/72] e2e\library-r6-interactions.spec.js:327:1 › Reading, Tools, and Fullscreen produce no uncaught JavaScript errors
[48/72] e2e\library-r6-interactions.spec.js:344:3 › Sheet lyrics remain readable at 1366px without oversized desktop text
[49/72] e2e\library-r6-interactions.spec.js:344:3 › Sheet lyrics remain readable at 820px without oversized desktop text
[50/72] e2e\library-r6-interactions.spec.js:344:3 › Sheet lyrics remain readable at 390px without oversized desktop text
[51/72] e2e\library-r7-responsive.spec.js:13:1 › phone toolbar keeps every primary control reachable at 320px
[52/72] e2e\library-r7-responsive.spec.js:31:1 › phone song load does not cover the score with duplicate information
[53/72] e2e\library-r7-responsive.spec.js:53:1 › phone fullscreen keeps view and transpose controls in a touch-friendly HUD
[54/72] e2e\library-r7-responsive.spec.js:80:1 › library logo lives in the song picker on laptop
[55/72] e2e\library-r7-responsive.spec.js:94:3 › phone controls work without horizontal overflow at 360px
[56/72] e2e\library-r7-responsive.spec.js:94:3 › phone controls work without horizontal overflow at 390px
[57/72] e2e\library-r7-responsive.spec.js:94:3 › phone controls work without horizontal overflow at 430px
[58/72] e2e\library-r7-responsive.spec.js:126:3 › laptop toolbar stays usable at 820px
[59/72] e2e\library-r7-responsive.spec.js:126:3 › laptop toolbar stays usable at 1024px
[60/72] e2e\library-r7-responsive.spec.js:126:3 › laptop toolbar stays usable at 1092px
[61/72] e2e\library-r7-responsive.spec.js:126:3 › laptop toolbar stays usable at 1366px
[62/72] e2e\library-r7-responsive.spec.js:126:3 › laptop toolbar stays usable at 1440px
[63/72] e2e\library-r7-responsive.spec.js:126:3 › laptop toolbar stays usable at 1920px
[64/72] e2e\library-r7-responsive.spec.js:143:1 › mobile reader and performance controls have no serious accessibility violations
[65/72] e2e\library-r7-responsive.spec.js:158:1 › compact fullscreen HUD and section map do not overlap at 320px
[66/72] e2e\library-r7-responsive.spec.js:184:1 › last sheet system and last lyric line can scroll above the phone toolbar
[67/72] e2e\library-r7-responsive.spec.js:210:1 › selected song in the left picker uses compact type and a blue highlight
[68/72] e2e\library-r7-responsive.spec.js:229:3 › admin sees mobile Soạn and enters chord placement directly
e2e\library-r7-responsive.spec.js:229:3 › admin sees mobile Soạn and enters chord placement directly


[69/72] e2e\library-r7-responsive.spec.js:229:3 › hoaidinh sees mobile Soạn and enters chord placement directly
e2e\library-r7-responsive.spec.js:229:3 › hoaidinh sees mobile Soạn and enters chord placement directly


[70/72] e2e\library-r7-responsive.spec.js:250:1 › phone guest does not see Soạn
[71/72] e2e\library-r7-responsive.spec.js:256:1 › admin mobile toolbar fits at 320px with Soạn visible
e2e\library-r7-responsive.spec.js:256:1 › admin mobile toolbar fits at 320px with Soạn visible


[72/72] e2e\library-r7-responsive.spec.js:279:1 › lyrics chords use Ab when a song in G is raised one semitone
  72 passed (1.3m)
